ReservedWord		1		1		continue		
ReservedWord		2		1		do		
ReservedWord		3		1		double		
ReservedWord		4		1		sizeof		
ReservedWord		5		1		else		
ReservedWord		6		1		for		
ReservedWord		7		1		if		
ReservedWord		8		1		int		
ReservedWord		9		1		return		
ReservedWord		10		1		struct		
ReservedWord		11		1		break		
ReservedWord		12		1		typedef		
ReservedWord		13		1		void		
ReservedWord		14		1		while		
ReservedWord		15		1		char		
