Integer		1		1		1		1
Operation		1		2		+		+
Integer		1		3		11111		11111
